AR nreg behavioral /home/ekorletey/Processor/first_example2/N.vhd sub00/vhpl11 1669137800
EN example1 NULL /home/ekorletey/Processor/first_example2/Example1.vhd sub00/vhpl14 1669137805
EN addition NULL /home/ekorletey/Processor/first_example2/addition.vhd sub00/vhpl12 1669137801
EN d_flipflop NULL /home/ekorletey/Processor/first_example2/D_flipflop.vhd sub00/vhpl00 1669038934
AR processor behavioral /home/ekorletey/Processor/first_example2/Processor.vhd sub00/vhpl17 1669038943
EN nreg NULL /home/ekorletey/Processor/first_example2/N.vhd sub00/vhpl10 1669137799
EN cu NULL /home/ekorletey/Processor/first_example2/CU.vhd sub00/vhpl18 1669137803
AR control_unit behavioral /home/ekorletey/Processor/first_example2/control_unit.vhd sub00/vhpl07 1669038941
AR top structural /home/ekorletey/Processor/first_example2/TOP.vhd sub00/vhpl21 1669137808
AR d1_flipflop behavioral /home/ekorletey/Processor/first_example2/D1_flipflop.vhd sub00/vhpl06 1669038939
EN top NULL /home/ekorletey/Processor/first_example2/TOP.vhd sub00/vhpl20 1669137807
EN sum NULL /home/ekorletey/Processor/first_example2/sum.vhd sub00/vhpl08 1669137797
EN processor NULL /home/ekorletey/Processor/first_example2/Processor.vhd sub00/vhpl16 1669038942
AR example1 behavioral /home/ekorletey/Processor/first_example2/Example1.vhd sub00/vhpl15 1669137806
AR d_flipflop behavioral /home/ekorletey/Processor/first_example2/D_flipflop.vhd sub00/vhpl01 1669038935
EN d1_flipflop NULL /home/ekorletey/Processor/first_example2/D1_flipflop.vhd sub00/vhpl05 1669038938
AR addition behavioral /home/ekorletey/Processor/first_example2/addition.vhd sub00/vhpl13 1669137802
AR d0_flipflop behavioral /home/ekorletey/Processor/first_example2/D0_flipflop.vhd sub00/vhpl04 1669038937
EN control_unit NULL /home/ekorletey/Processor/first_example2/control_unit.vhd sub00/vhpl02 1669038940
AR sum behavioral /home/ekorletey/Processor/first_example2/sum.vhd sub00/vhpl09 1669137798
EN d0_flipflop NULL /home/ekorletey/Processor/first_example2/D0_flipflop.vhd sub00/vhpl03 1669038936
AR cu behavioral /home/ekorletey/Processor/first_example2/CU.vhd sub00/vhpl19 1669137804
